<!DOCTYPE html>
<html lang="en">

<head>
    <meta charset="UTF-8">
    <title>Test</title>
</head>

<body>
    <pre><code class="language-haskell">main :: IO ()
main = do
    putStrLn "Never gonna give you up"
    putStrLn "Never gonna let you down"
    putStrLn "Never gonna run around and desert you"</code></pre>
</body>

</html>
