<!DOCTYPE html>
<html lang="en">

<head>
    <meta charset="UTF-8">
    <title>Test</title>
</head>

<body>
    <ol>
        <li>Item 1
            <ol>
                <li>Sub Item 1</li>
                <li>Sub Item 2</li>
                <li>Sub Item 3</li>
            </ol>
        </li>
        <li><strong>Bolded Item 2</strong></li>
        <li>Item 3</li>
        <li>Item 4</li>
    </ol>
</body>

</html>
